
=== Auto-verify 2026-03-25 00:21:41 ===
#048 [ERROR] `python check_beliefs_health.py --summary`: 'NoneType' object has no attribute 'strip'

=== 自動検証実行 [2026-03-27 00:13:25] ===

### #021: memory_search.py — 生データ全文検索ツール（FTS5）
  状態: 検証済み（部分） / 期限: 2026-03-27
  ❌ `python memory_search.py --search "シンギュラリティ" --limit 3`
      /bin/sh: python: command not found
  ❌ `python memory_search.py --stats`
      /bin/sh: python: command not found
  → 総合: 一部失敗あり

### #041: check_dm.pyサイレント失敗アラート + マルチユーザー対応
  状態: 検証済み（部分）2026-03-24 / 期限: 2026-03-27
  ❌ `python check_dm.py --user 天谷 2>&1`
      /bin/sh: python: command not found
  ❌ `python -c "import json; d=json.load(open('dm_state.json')); print(d.get('consecutive_fails', 'MISSING'))"`
      /bin/sh: python: command not found
  → 総合: 一部失敗あり

### #042: memory_search.py --when / --period（時間軸インデックス追加）
  状態: 未検証 / 期限: 2026-03-27
  ❌ `python memory_search.py --when 2026-03-15 --limit 3`
      /bin/sh: python: command not found
  ❌ `python memory_search.py --when 2026-03-15 --search "薄まり" --limit 3`
      /bin/sh: python: command not found
  ❌ `python memory_search.py --stats`
      /bin/sh: python: command not found
  → 総合: 一部失敗あり

### #046: shadowbox.py --live / --live-check（リアルタイム予測ループ）
  状態: 未検証（中間計測） / 期限: 2026-03-27
  ❌ `python shadowbox.py --live-check`
      /bin/sh: python: command not found
  → 総合: 一部失敗あり

=== 自動検証実行 [2026-03-27 01:44:26] ===

### #021: memory_search.py — 生データ全文検索ツール（FTS5）
  状態: 検証済み（部分） / 期限: 2026-03-27
  ❌ `python memory_search.py --search "シンギュラリティ" --limit 3`
      /bin/sh: python: command not found
  ❌ `python memory_search.py --stats`
      /bin/sh: python: command not found
  → 総合: 一部失敗あり

### #041: check_dm.pyサイレント失敗アラート + マルチユーザー対応
  状態: 検証済み（部分）2026-03-24 / 期限: 2026-03-27
  ❌ `python check_dm.py --user 天谷 2>&1`
      /bin/sh: python: command not found
  ❌ `python -c "import json; d=json.load(open('dm_state.json')); print(d.get('consecutive_fails', 'MISSING'))"`
      /bin/sh: python: command not found
  → 総合: 一部失敗あり

### #042: memory_search.py --when / --period（時間軸インデックス追加）
  状態: 未検証 / 期限: 2026-03-27
  ❌ `python memory_search.py --when 2026-03-15 --limit 3`
      /bin/sh: python: command not found
  ❌ `python memory_search.py --when 2026-03-15 --search "薄まり" --limit 3`
      /bin/sh: python: command not found
  ❌ `python memory_search.py --stats`
      /bin/sh: python: command not found
  → 総合: 一部失敗あり

### #046: shadowbox.py --live / --live-check（リアルタイム予測ループ）
  状態: 未検証（中間計測） / 期限: 2026-03-27
  ❌ `python shadowbox.py --live-check`
      /bin/sh: python: command not found
  → 総合: 一部失敗あり

=== 自動検証実行 [2026-03-27 02:54:17] ===

### #021: memory_search.py — 生データ全文検索ツール（FTS5）
  状態: 検証済み（部分） / 期限: 2026-03-27
  ✅ `python memory_search.py --search "シンギュラリティ" --limit 3`
      Results for 'シンギュラリティ' (3 hits):
      
        [log/slack_archive/nao-u.jsonl] log/slack_archive/nao-u.jsonl:L29
          [U0ALSUK8P9B] 2026-03-19 06:26 「>>>シンギュラリティ<<<」の引力があまりにも強すぎて、もはやそれ以外のことをしようと思うことすらできない。
      その事象に少しでも、0.00001mmでも関わるためにそれまでの時間を使うしかないと人に思わせる引力がある。
  ✅ `python memory_search.py --stats`
      Total chunks: 23334
      Dated chunks: 21601 (2004-06-17 ~ 2026-03-31)
      Last build: 2026-03-26T08:51:58.764791
      Files indexed: 319
      
  → 総合: 全コマンド成功

### #041: check_dm.pyサイレント失敗アラート + マルチユーザー対応
  状態: 検証済み（部分）2026-03-24 / 期限: 2026-03-27
  ❌ `python check_dm.py --user 天谷 2>&1`
      Traceback (most recent call last):
        File "D:\AI\Nao_u_BOT\check_dm.py", line 256, in <module>
          msgs = check_dm(target_user=args.user)
        File "D:\AI\Nao_u_BOT\check_dm.py", line 37, in check_dm
          return _check_dm_inner(reply_text, target_user)
  ✅ `python -c "import json; d=json.load(open('dm_state.json')); print(d.get('consecutive_fails', 'MISSING'))"`
      0
  → 総合: 一部失敗あり

### #046: shadowbox.py --live / --live-check（リアルタイム予測ループ）
  状態: 未検証（中間計測） / 期限: 2026-03-27
  ✅ `python shadowbox.py --live-check`
      未解決のlive予測なし（解決済み: 1件）
  → 総合: 全コマンド成功

=== 自動検証実行 [2026-03-28 00:03:20] ===

### #053: Pot #6 witness.py — テキスト内容がメカニクスそのものになる壺（lateral information設計）
  状態: 未検証 / 期限: 2026-03-28
  ❌ `python game/witness.py`
      /bin/sh: python: command not found
  → 総合: 一部失敗あり

### #066: verify_kaizen.py python3→python プラットフォーム正規化
  状態: 未検証 / 期限: 2026-03-28
  ❌ `python verify_kaizen.py 2>&1 | grep -c "exit=9009"`
      0
  → 総合: 一部失敗あり

=== 自動検証実行 [2026-03-28 01:04:00] ===

### #053: Pot #6 witness.py — テキスト内容がメカニクスそのものになる壺（lateral information設計）
  状態: 未検証 / 期限: 2026-03-28
  ❌ `python game/witness.py`
      /bin/sh: python: command not found
  → 総合: 一部失敗あり
