
[2026-03-28 17:48] trigger=nao_u_live anchor=2026-03-25（Slack #all-nao-u-lab、Nao_u 19:16）

### 逆思考の肯定と拡張

  [7.31] memory/external_notes_ash.md (undated) via seed(逆思考 肯定 拡張 原文 信念) + +kw(適応度)
  [0.89] log/slack_archive/all-nao-u-lab.jsonl (2026-03-26) via seed(逆思考 肯定 拡張 原文 信念)
  [0.75] memory/memory_redesign_proposal.md (undated) via kw(確信度)

[2026-03-28 17:48] trigger=nao_u_live anchor=2026-03-25（Slack #all-nao-u-lab、Nao_u 19:16）

### 逆思考の肯定と拡張

  [8.81] memory/external_notes_ash.md (undated) via seed(逆思考 肯定 拡張 原文 信念) + +kw(適応度)
  [0.89] log/slack_archive/all-nao-u-lab.jsonl (2026-03-26) via seed(逆思考 肯定 拡張 原文 信念)
  [0.75] log/slack_archive/kaizen-log.jsonl (2026-03-23) via kw(発見)

[2026-03-28 17:48] trigger=nao-u:2026-03-28 anchor=エージェントは試してみても良いかも
<https://x.com/proneeeet/status/2037386309
  [1.50] memory/external_notes_mir.md (undated) via kw(分類)
  [0.75] log/slack_archive/all-nao-u-lab.jsonl (2026-03-23) via kw(逆瀬川)

[2026-03-28 17:49] trigger=nao-u:2026-03-28 anchor=この件についてのあなたたちの見解を聞きたい
<https://zenn.dev/tenormusica/articles
  [4.51] memory/external_notes_mac.md (undated) via seed(見解 https zenn tenorm)
  [3.27] log/slack_archive/all-nao-u-lab.jsonl (2026-03-23) via seed(見解 https zenn tenorm)
  [1.50] log/slack_archive/kaizen-log.jsonl (2026-03-21) via kw(抽象的) + kw(導入)

[2026-03-28 18:49] trigger=nao-u:2026-03-27 anchor=これは興味深い
<https://x.com/itarutomy/status/2037306158361227473?
  [1.50] log/daily_diary_mir.md (undated) via kw(結論)
  [0.75] memory/external_notes_ash.md (undated) via kw(存在)
