Archive member included       because of file (symbol)

/cygdrive/c/devkitadv/bin/../lib/gcc-lib/arm-agb-elf/3.0.2/libgcc.a(__main.o)
                              main.o (__gccmain)
/cygdrive/c/devkitadv/bin/../lib/gcc-lib/arm-agb-elf/3.0.2/libgcc.a(unwind-dw2-fde.o)
                              /cygdrive/c/devkitadv/bin/../lib/gcc-lib/arm-agb-elf/3.0.2/libgcc.a(__main.o) (__register_frame_info)
/cygdrive/c/devkitadv/bin/../lib/gcc-lib/arm-agb-elf/3.0.2/../../../../arm-agb-elf/lib/libg.a(abort.o)
                              /cygdrive/c/devkitadv/bin/../lib/gcc-lib/arm-agb-elf/3.0.2/libgcc.a(unwind-dw2-fde.o) (abort)
/cygdrive/c/devkitadv/bin/../lib/gcc-lib/arm-agb-elf/3.0.2/../../../../arm-agb-elf/lib/libg.a(atexit.o)
                              /cygdrive/c/devkitadv/bin/../lib/gcc-lib/arm-agb-elf/3.0.2/libgcc.a(__main.o) (atexit)
/cygdrive/c/devkitadv/bin/../lib/gcc-lib/arm-agb-elf/3.0.2/../../../../arm-agb-elf/lib/libg.a(impure.o)
                              /cygdrive/c/devkitadv/bin/../lib/gcc-lib/arm-agb-elf/3.0.2/../../../../arm-agb-elf/lib/libg.a(atexit.o) (_impure_ptr)
/cygdrive/c/devkitadv/bin/../lib/gcc-lib/arm-agb-elf/3.0.2/../../../../arm-agb-elf/lib/libg.a(malloc.o)
                              /cygdrive/c/devkitadv/bin/../lib/gcc-lib/arm-agb-elf/3.0.2/libgcc.a(unwind-dw2-fde.o) (malloc)
/cygdrive/c/devkitadv/bin/../lib/gcc-lib/arm-agb-elf/3.0.2/../../../../arm-agb-elf/lib/libg.a(mallocr.o)
                              /cygdrive/c/devkitadv/bin/../lib/gcc-lib/arm-agb-elf/3.0.2/../../../../arm-agb-elf/lib/libg.a(malloc.o) (_malloc_r)
/cygdrive/c/devkitadv/bin/../lib/gcc-lib/arm-agb-elf/3.0.2/../../../../arm-agb-elf/lib/libg.a(mlock.o)
                              /cygdrive/c/devkitadv/bin/../lib/gcc-lib/arm-agb-elf/3.0.2/../../../../arm-agb-elf/lib/libg.a(mallocr.o) (__malloc_lock)
/cygdrive/c/devkitadv/bin/../lib/gcc-lib/arm-agb-elf/3.0.2/../../../../arm-agb-elf/lib/libg.a(sbrkr.o)
                              /cygdrive/c/devkitadv/bin/../lib/gcc-lib/arm-agb-elf/3.0.2/../../../../arm-agb-elf/lib/libg.a(mallocr.o) (_sbrk_r)
/cygdrive/c/devkitadv/bin/../lib/gcc-lib/arm-agb-elf/3.0.2/../../../../arm-agb-elf/lib/libg.a(signal.o)
                              /cygdrive/c/devkitadv/bin/../lib/gcc-lib/arm-agb-elf/3.0.2/../../../../arm-agb-elf/lib/libg.a(abort.o) (raise)
/cygdrive/c/devkitadv/bin/../lib/gcc-lib/arm-agb-elf/3.0.2/../../../../arm-agb-elf/lib/libg.a(signalr.o)
                              /cygdrive/c/devkitadv/bin/../lib/gcc-lib/arm-agb-elf/3.0.2/../../../../arm-agb-elf/lib/libg.a(signal.o) (_kill_r)
/cygdrive/c/devkitadv/bin/../lib/gcc-lib/arm-agb-elf/3.0.2/../../../../arm-agb-elf/lib/libg.a(strlen.o)
                              /cygdrive/c/devkitadv/bin/../lib/gcc-lib/arm-agb-elf/3.0.2/libgcc.a(unwind-dw2-fde.o) (strlen)
/cygdrive/c/devkitadv/bin/../lib/gcc-lib/arm-agb-elf/3.0.2/../../../../arm-agb-elf/lib/libg.a(syscalls.o)
                              /cygdrive/c/devkitadv/bin/../lib/gcc-lib/arm-agb-elf/3.0.2/../../../../arm-agb-elf/lib/libg.a(abort.o) (_exit)
/cygdrive/c/devkitadv/bin/../lib/gcc-lib/arm-agb-elf/3.0.2/../../../../arm-agb-elf/lib/libg.a(errno.o)
                              /cygdrive/c/devkitadv/bin/../lib/gcc-lib/arm-agb-elf/3.0.2/../../../../arm-agb-elf/lib/libg.a(syscalls.o) (__errno)
/cygdrive/c/devkitadv/bin/../lib/gcc-lib/arm-agb-elf/3.0.2/../../../../arm-agb-elf/lib/libg.a(freer.o)
                              /cygdrive/c/devkitadv/bin/../lib/gcc-lib/arm-agb-elf/3.0.2/../../../../arm-agb-elf/lib/libg.a(malloc.o) (_free_r)

Allocating common symbols
Common symbol       size              file

tcb                 0x2000            task.o
pMario              0x4               main.o
errno               0x4               /cygdrive/c/devkitadv/bin/../lib/gcc-lib/arm-agb-elf/3.0.2/../../../../arm-agb-elf/lib/libg.a(sbrkr.o)
tcb_num             0x4               task.o
tcb_buf             0x100             task.o
OAMBuff             0x400             SpriteSys.o
tcb_top             0x4               task.o

Memory Configuration

Name             Origin             Length             Attributes
*default*        0x00000000         0xffffffff

Linker script and memory map

LOAD /cygdrive/c/devkitadv/bin/../lib/gcc-lib/arm-agb-elf/3.0.2/crtbegin.o
LOAD /cygdrive/c/devkitadv/bin/../lib/gcc-lib/arm-agb-elf/3.0.2/../../../../arm-agb-elf/lib/crt0.o
LOAD main.o
LOAD task.o
LOAD bgsys.o
LOAD SpriteSys.o
LOAD MoveBlock.o
LOAD mario.o
LOAD kuribo.o
LOAD data/bg.o
LOAD data/mario.o
LOAD /cygdrive/c/devkitadv/bin/../lib/gcc-lib/arm-agb-elf/3.0.2/libgcc.a
LOAD /cygdrive/c/devkitadv/bin/../lib/gcc-lib/arm-agb-elf/3.0.2/../../../../arm-agb-elf/lib/libg.a
LOAD /cygdrive/c/devkitadv/bin/../lib/gcc-lib/arm-agb-elf/3.0.2/../../../../arm-agb-elf/lib/libc.a
LOAD /cygdrive/c/devkitadv/bin/../lib/gcc-lib/arm-agb-elf/3.0.2/libgcc.a
LOAD /cygdrive/c/devkitadv/bin/../lib/gcc-lib/arm-agb-elf/3.0.2/crtend.o
                0x02000000                __text_start=DEFINED(__gba_multiboot)?0x2000000:0x8000000
                0x02000000                __ewram_start=0x2000000
                0x02040000                __eheap_end=0x2040000
                0x03000000                __iwram_start=0x3000000
                0x03007c00                __iheap_end=0x3007c00
                0x03007f00                __sp_usr=0x3007f00
                0x03007fa0                __sp_irq=0x3007fa0
                0x03007ffc                __intr_vector_buf=0x3007ffc
                0x00007f00                __sp_usr_offset=(__sp_usr-__iwram_start)
                0x000000fc                __intr_vect_offset=(__intr_vector_buf-__sp_usr)

.text           0x02000000     0x4aa8
 EXCLUDE_FILE ( *text.iwram*)*(.text)
 .text          0x02000000      0x200 /cygdrive/c/devkitadv/bin/../lib/gcc-lib/arm-agb-elf/3.0.2/../../../../arm-agb-elf/lib/crt0.o
                0x020000c4                __boot_method
                0x02000180                __FarProcedure
                0x020000c5                __slave_number
                0x02000000                _start
                0x020000e0                start_vector
                0x02000180                __FarFunction
 .text          0x02000200      0x4dc main.o
                0x02000634                IRQ_Handler
                0x02000544                MainTaskMain
                0x020003bc                MainTaskInit
                0x02000610                WaitForVsync
                0x0200067c                IRQ_Setup
                0x02000200                main
 .text          0x020006dc      0x208 task.o
                0x020006dc                TaskInit
                0x0200071c                TaskMake
                0x0200076c                TaskExecute
 .text          0x020008e4      0xaa8 bgsys.o
                0x020008e4                InitBG
                0x020012d0                SetTile8
                0x02001328                getTile
                0x020012fc                GetTile8
 .text          0x0200138c      0x1e4 SpriteSys.o
                0x020013ec                MoveSprite
                0x02001508                AddOAMBuff
                0x02001474                SetSpriteFlip
                0x02001538                OAMStartDMA
                0x0200138c                InitializeSprites
                0x02001488                ChangeSprite
                0x02001434                SetSpriteSize
                0x0200149c                InitOAMBuff
 .text          0x02001570      0x3c0 MoveBlock.o
                0x02001778                BlockSet
                0x020016b0                BlockHit
                0x020018d4                MoveBlockTaskInit
                0x02001850                BlockDelete
                0x02001570                MoveBlockTaskMain
 .text          0x02001930      0x79c mario.o
                0x02001930                MarioTaskMain
                0x02002050                MarioTaskInit
 .text          0x020020cc      0x2c4 kuribo.o
                0x02002334                KuriboTaskInit
                0x020022cc                KuriboSet
                0x020020cc                KuriboTaskWalk
 .text          0x02002390      0x134 /cygdrive/c/devkitadv/bin/../lib/gcc-lib/arm-agb-elf/3.0.2/libgcc.a(__main.o)
                0x0200249c                __gccmain
                0x02002390                __do_global_dtors
                0x02002408                __do_global_ctors
 .text          0x020024c4     0x1564 /cygdrive/c/devkitadv/bin/../lib/gcc-lib/arm-agb-elf/3.0.2/libgcc.a(unwind-dw2-fde.o)
                0x020031cc                _Unwind_Find_FDE
                0x02002724                __register_frame
                0x020027dc                __register_frame_table
                0x020026a0                __register_frame_info_bases
                0x020028f0                __deregister_frame_info
                0x02002804                __deregister_frame_info_bases
                0x0200274c                __register_frame_info_table_bases
                0x02002904                __deregister_frame
                0x020027c0                __register_frame_info_table
                0x02002708                __register_frame_info
 .text          0x02003a28       0x1c /cygdrive/c/devkitadv/bin/../lib/gcc-lib/arm-agb-elf/3.0.2/../../../../arm-agb-elf/lib/libg.a(abort.o)
                0x02003a28                abort
 .text          0x02003a44       0x88 /cygdrive/c/devkitadv/bin/../lib/gcc-lib/arm-agb-elf/3.0.2/../../../../arm-agb-elf/lib/libg.a(atexit.o)
                0x02003a44                atexit
 .text          0x02003acc       0x40 /cygdrive/c/devkitadv/bin/../lib/gcc-lib/arm-agb-elf/3.0.2/../../../../arm-agb-elf/lib/libg.a(malloc.o)
                0x02003acc                malloc
                0x02003aec                free
 .text          0x02003b0c      0x6b8 /cygdrive/c/devkitadv/bin/../lib/gcc-lib/arm-agb-elf/3.0.2/../../../../arm-agb-elf/lib/libg.a(mallocr.o)
                0x02003cc8                _malloc_r
 .text          0x020041c4        0x8 /cygdrive/c/devkitadv/bin/../lib/gcc-lib/arm-agb-elf/3.0.2/../../../../arm-agb-elf/lib/libg.a(mlock.o)
                0x020041c8                __malloc_unlock
                0x020041c4                __malloc_lock
 .text          0x020041cc       0x44 /cygdrive/c/devkitadv/bin/../lib/gcc-lib/arm-agb-elf/3.0.2/../../../../arm-agb-elf/lib/libg.a(sbrkr.o)
                0x020041cc                _sbrk_r
 .text          0x02004210      0x270 /cygdrive/c/devkitadv/bin/../lib/gcc-lib/arm-agb-elf/3.0.2/../../../../arm-agb-elf/lib/libg.a(signal.o)
                0x02004268                _signal_r
                0x020042c8                _raise_r
                0x02004378                __sigtramp_r
                0x02004420                signal
                0x02004448                _init_signal
                0x02004210                _init_signal_r
                0x02004460                __sigtramp
                0x02004400                raise
 .text          0x02004480       0x58 /cygdrive/c/devkitadv/bin/../lib/gcc-lib/arm-agb-elf/3.0.2/../../../../arm-agb-elf/lib/libg.a(signalr.o)
                0x02004480                _kill_r
                0x020044cc                _getpid_r
 .text          0x020044d8       0x6c /cygdrive/c/devkitadv/bin/../lib/gcc-lib/arm-agb-elf/3.0.2/../../../../arm-agb-elf/lib/libg.a(strlen.o)
                0x020044d8                strlen
 .text          0x02004544      0x1d8 /cygdrive/c/devkitadv/bin/../lib/gcc-lib/arm-agb-elf/3.0.2/../../../../arm-agb-elf/lib/libg.a(syscalls.o)
                0x0200460c                _getpid
                0x02004714                isatty
                0x02004670                _fstat
                0x020045a4                _open
                0x02004614                _sbrk
                0x020046d0                _raise
                0x020046f4                _times
                0x02004564                _lseek
                0x02004690                _link
                0x020046b0                _unlink
                0x02004584                _write
                0x020045ec                _kill
                0x020046d4                _gettimeofday
                0x02004544                _read
                0x020045e8                _exit
                0x020045c8                _close
 .text          0x0200471c       0x10 /cygdrive/c/devkitadv/bin/../lib/gcc-lib/arm-agb-elf/3.0.2/../../../../arm-agb-elf/lib/libg.a(errno.o)
                0x0200471c                __errno
 .text          0x0200472c      0x37c /cygdrive/c/devkitadv/bin/../lib/gcc-lib/arm-agb-elf/3.0.2/../../../../arm-agb-elf/lib/libg.a(freer.o)
                0x0200472c                _free_r
                0x0200499c                _malloc_trim_r
 *(.text.*)
 *(.stub)
 *(.gnu.warning)
 *(.gnu.linkonce.t*)
 *(.glue_7)
 *(.glue_7t)
                0x02004aa8                .=ALIGN(0x4)
                0x02004aa8                __text_end=.

.rodata         0x02004aa8     0x2924
 *(.rodata)
 .rodata        0x02004aa8      0x620 data/bg.o
                0x02004ea8                bg_pal
                0x020050a8                bg_map
                0x02004aa8                bg_data
 .rodata        0x020050c8     0x2300 data/mario.o
                0x020072c8                mario_map
                0x020050c8                mario_data
                0x020070c8                mario_pal
 .rodata        0x020073c8        0x4 /cygdrive/c/devkitadv/bin/../lib/gcc-lib/arm-agb-elf/3.0.2/../../../../arm-agb-elf/lib/libg.a(impure.o)
 *all.rodata*(*)
 *(.roda)
 *(.rodata.*)
 *(.gnu.linkonce.r*)
                0x020073cc                .=ALIGN(0x4)

.ctors          0x020073cc        0x8
 *crtbegin.o(.ctors)
 .ctors         0x020073cc        0x4 /cygdrive/c/devkitadv/bin/../lib/gcc-lib/arm-agb-elf/3.0.2/crtbegin.o
                0x020073cc                __CTOR_LIST__
 EXCLUDE_FILE ( *crtend.o)*(.ctors)
 *(SORT(.ctors.*))
 *(.ctors)
 .ctors         0x020073d0        0x4 /cygdrive/c/devkitadv/bin/../lib/gcc-lib/arm-agb-elf/3.0.2/crtend.o
                0x020073d0                __CTOR_END__
                0x020073d4                .=ALIGN(0x4)
                0x020073d4                laddr=(((ADDR(.text)+SIZEOF(.text))+SIZEOF(.rodata))+SIZEOF(.ctors))

.dtors          0x020073d4        0x8
 *crtbegin.o(.dtors)
 .dtors         0x020073d4        0x4 /cygdrive/c/devkitadv/bin/../lib/gcc-lib/arm-agb-elf/3.0.2/crtbegin.o
                0x020073d4                __DTOR_LIST__
 EXCLUDE_FILE ( *crtend.o)*(.dtors)
 *(SORT(.dtors.*))
 *(.dtors)
 .dtors         0x020073d8        0x4 /cygdrive/c/devkitadv/bin/../lib/gcc-lib/arm-agb-elf/3.0.2/crtend.o
                0x020073d8                __DTOR_END__
                0x020073dc                .=ALIGN(0x4)
                0x020073dc                laddr=((((ADDR(.text)+SIZEOF(.text))+SIZEOF(.rodata))+SIZEOF(.ctors))+SIZEOF(.dtors))

.eh_frame       0x020073dc        0x4
 *(.eh_frame)
 .eh_frame      0x020073dc        0x4 /cygdrive/c/devkitadv/bin/../lib/gcc-lib/arm-agb-elf/3.0.2/crtend.o
                0x020073e0                .=ALIGN(0x4)

.gcc_except_table
                0x020073e0        0x0
 *(.gcc_except_table)
                0x020073e0                .=ALIGN(0x4)
                0x020073e0                __iwram_lma=((((((((ADDR(.text)+SIZEOF(.text))+SIZEOF(.rodata))+SIZEOF(.ctors))+SIZEOF(.dtors))+SIZEOF(.eh_frame))+SIZEOF(.gcc_except_table))+0x3)&0xfffffffc)

.iwram          0x03000000        0x0 load address 0x020073e0
                0x03000000                __iwram_start=L(.)
 *(.iwram)
 *iwram.*(.text)
                0x03000000                .=ALIGN(0x4)
                0x020073e0                __data_lma=(((((((ADDR(.text)+SIZEOF(.text))+SIZEOF(.rodata))+SIZEOF(.ctors))+SIZEOF(.dtors))+SIZEOF(.eh_frame))+SIZEOF(.gcc_except_table))+SIZEOF(.iwram))
                0x03000000                __iwram_end=.

.bss            0x03000000     0x2560
                0x03000000                __bss_start=L(.)
                0x03000000                __bss_start__=L(.)
 *(.dynbss)
 *(.gnu.linkonce.b*)
 *(COMMON)
 COMMON         0x03000000        0x4 main.o
                                  0x0 (size before relaxing)
                0x03000000                pMario
 *fill*         0x03000004        0xc
 COMMON         0x03000010     0x2114 task.o
                                  0x0 (size before relaxing)
                0x03000010                tcb
                0x03002010                tcb_num
                0x03002020                tcb_buf
                0x03002120                tcb_top
 *fill*         0x03002124        0xc
 COMMON         0x03002130      0x400 SpriteSys.o
                                  0x0 (size before relaxing)
                0x03002130                OAMBuff
 COMMON         0x03002530        0x4 /cygdrive/c/devkitadv/bin/../lib/gcc-lib/arm-agb-elf/3.0.2/../../../../arm-agb-elf/lib/libg.a(sbrkr.o)
                                  0x0 (size before relaxing)
                0x03002530                errno
                0x03002534                .=ALIGN(0x4)
 .bss           0x03002534       0x1c /cygdrive/c/devkitadv/bin/../lib/gcc-lib/arm-agb-elf/3.0.2/libgcc.a(__main.o)
 .bss           0x03002550        0xc /cygdrive/c/devkitadv/bin/../lib/gcc-lib/arm-agb-elf/3.0.2/libgcc.a(unwind-dw2-fde.o)
 .bss           0x0300255c        0x4 /cygdrive/c/devkitadv/bin/../lib/gcc-lib/arm-agb-elf/3.0.2/../../../../arm-agb-elf/lib/libg.a(syscalls.o)
                0x03002560                __bss_end=.
                0x03002560                __bss_end__=.

.data           0x03002560      0x7b0 load address 0x020073e0
                0x03002560                __data_start=L(.)
 *(.data)
 .data          0x03002560        0x4 /cygdrive/c/devkitadv/bin/../lib/gcc-lib/arm-agb-elf/3.0.2/crtbegin.o
 .data          0x03002564       0x24 main.o
                0x03002578                scr_x
                0x0300256c                Key_on
                0x0300257c                scr_y
                0x03002570                Key_trg
                0x03002574                Key_old
                0x03002584                sleep_timer
                0x03002580                frame_count
                0x03002564                __gba_multiboot
                0x03002568                skip
 .data          0x03002588        0x4 SpriteSys.o
                0x03002588                OAM_no
 .data          0x0300258c       0x40 MoveBlock.o
 .data          0x030025cc        0x8 /cygdrive/c/devkitadv/bin/../lib/gcc-lib/arm-agb-elf/3.0.2/libgcc.a(__main.o)
 .data          0x030025d4        0x4 /cygdrive/c/devkitadv/bin/../lib/gcc-lib/arm-agb-elf/3.0.2/libgcc.a(unwind-dw2-fde.o)
 .data          0x030025d8      0x2f0 /cygdrive/c/devkitadv/bin/../lib/gcc-lib/arm-agb-elf/3.0.2/../../../../arm-agb-elf/lib/libg.a(impure.o)
                0x030028c4                _impure_ptr
 .data          0x030028c8      0x444 /cygdrive/c/devkitadv/bin/../lib/gcc-lib/arm-agb-elf/3.0.2/../../../../arm-agb-elf/lib/libg.a(mallocr.o)
                0x03002cd4                __malloc_top_pad
                0x03002cdc                __malloc_max_sbrked_mem
                0x03002cd8                __malloc_sbrk_base
                0x03002ce4                __malloc_current_mallinfo
                0x030028c8                __malloc_av_
                0x03002ce0                __malloc_max_total_mem
                0x03002cd0                __malloc_trim_threshold
 .data          0x03002d0c        0x4 /cygdrive/c/devkitadv/bin/../lib/gcc-lib/arm-agb-elf/3.0.2/crtend.o
 *(.data.*)
 *(.gnu.linkonce.d*)
                0x03002d10                .=ALIGN(0x4)
                0x02007b90                __iwram_overlay_lma=((((((((ADDR(.text)+SIZEOF(.text))+SIZEOF(.rodata))+SIZEOF(.ctors))+SIZEOF(.dtors))+SIZEOF(.eh_frame))+SIZEOF(.gcc_except_table))+SIZEOF(.iwram))+SIZEOF(.data))
                0x03002d10                __data_end=.
                0x03002d10                PROVIDE (edata, .)
                0x03002d10                __iwram_overlay_start=.

.iwram0         0x03002d10        0x0 load address 0x02007b90
 *(.iwram0)
                0x03002d10                .=ALIGN(0x4)
                0x02007b90                __load_start_iwram0=LOADADDR(.iwram0)
                0x02007b90                __load_stop_iwram0=(LOADADDR(.iwram0)+SIZEOF(.iwram0))

.iwram1         0x03002d10        0x0 load address 0x02007b90
 *(.iwram1)
                0x03002d10                .=ALIGN(0x4)
                0x02007b90                __load_start_iwram1=LOADADDR(.iwram1)
                0x02007b90                __load_stop_iwram1=(LOADADDR(.iwram1)+SIZEOF(.iwram1))

.iwram2         0x03002d10        0x0 load address 0x02007b90
 *(.iwram2)
                0x03002d10                .=ALIGN(0x4)
                0x02007b90                __load_start_iwram2=LOADADDR(.iwram2)
                0x02007b90                __load_stop_iwram2=(LOADADDR(.iwram2)+SIZEOF(.iwram2))

.iwram3         0x03002d10        0x0 load address 0x02007b90
 *(.iwram3)
                0x03002d10                .=ALIGN(0x4)
                0x02007b90                __load_start_iwram3=LOADADDR(.iwram3)
                0x02007b90                __load_stop_iwram3=(LOADADDR(.iwram3)+SIZEOF(.iwram3))

.iwram4         0x03002d10        0x0 load address 0x02007b90
 *(.iwram4)
                0x03002d10                .=ALIGN(0x4)
                0x02007b90                __load_start_iwram4=LOADADDR(.iwram4)
                0x02007b90                __load_stop_iwram4=(LOADADDR(.iwram4)+SIZEOF(.iwram4))

.iwram5         0x03002d10        0x0 load address 0x02007b90
 *(.iwram5)
                0x03002d10                .=ALIGN(0x4)
                0x02007b90                __load_start_iwram5=LOADADDR(.iwram5)
                0x02007b90                __load_stop_iwram5=(LOADADDR(.iwram5)+SIZEOF(.iwram5))

.iwram6         0x03002d10        0x0 load address 0x02007b90
 *(.iwram6)
                0x03002d10                .=ALIGN(0x4)
                0x02007b90                __load_start_iwram6=LOADADDR(.iwram6)
                0x02007b90                __load_stop_iwram6=(LOADADDR(.iwram6)+SIZEOF(.iwram6))

.iwram7         0x03002d10        0x0 load address 0x02007b90
 *(.iwram7)
                0x03002d10                .=ALIGN(0x4)
                0x02007b90                __load_start_iwram7=LOADADDR(.iwram7)
                0x02007b90                __load_stop_iwram7=(LOADADDR(.iwram7)+SIZEOF(.iwram7))

.iwram8         0x03002d10        0x0 load address 0x02007b90
 *(.iwram8)
                0x03002d10                .=ALIGN(0x4)
                0x02007b90                __load_start_iwram8=LOADADDR(.iwram8)
                0x02007b90                __load_stop_iwram8=(LOADADDR(.iwram8)+SIZEOF(.iwram8))

.iwram9         0x03002d10        0x0 load address 0x02007b90
 *(.iwram9)
                0x03002d10                .=ALIGN(0x4)
                0x02007b90                __load_start_iwram9=LOADADDR(.iwram9)
                0x02007b90                __load_stop_iwram9=(LOADADDR(.iwram9)+SIZEOF(.iwram9))
                0x03002d10                .=(ADDR(.iwram0)+(((((((((SIZEOF(.iwram0)6SIZEOF(.iwram1))6SIZEOF(.iwram2))6SIZEOF(.iwram3))6SIZEOF(.iwram4))6SIZEOF(.iwram5))6SIZEOF(.iwram6))6SIZEOF(.iwram7))6SIZEOF(.iwram8))6SIZEOF(.iwram9)))
                0x02007b90                __ewram_lma=((((((((((((((((((ADDR(.text)+SIZEOF(.text))+SIZEOF(.rodata))+SIZEOF(.ctors))+SIZEOF(.dtors))+SIZEOF(.eh_frame))+SIZEOF(.gcc_except_table))+SIZEOF(.iwram))+SIZEOF(.data))+SIZEOF(.iwram0))+SIZEOF(.iwram1))+SIZEOF(.iwram2))+SIZEOF(.iwram3))+SIZEOF(.iwram4))+SIZEOF(.iwram5))+SIZEOF(.iwram6))+SIZEOF(.iwram7))+SIZEOF(.iwram8))+SIZEOF(.iwram9))
                0x03002d10                __iwram_overlay_end=.
                0x03002d10                _end=.
                0x03002d10                __end__=.
                0x03002d10                PROVIDE (end, .)
                0x03002d10                __iheap_start=.

.ewram          0x02000000        0x0 load address 0x02007b90
                0x02000000                __ewram_start=L(.)
 *(.ewram)
                0x02000000                .=ALIGN(0x4)
                0x02007b90                __ewram_overlay_lma=(((((((((((((((((((ADDR(.text)+SIZEOF(.text))+SIZEOF(.rodata))+SIZEOF(.ctors))+SIZEOF(.dtors))+SIZEOF(.eh_frame))+SIZEOF(.gcc_except_table))+SIZEOF(.iwram))+SIZEOF(.data))+SIZEOF(.iwram0))+SIZEOF(.iwram1))+SIZEOF(.iwram2))+SIZEOF(.iwram3))+SIZEOF(.iwram4))+SIZEOF(.iwram5))+SIZEOF(.iwram6))+SIZEOF(.iwram7))+SIZEOF(.iwram8))+SIZEOF(.iwram9))+SIZEOF(.ewram))
                0x02000000                __ewram_end=.
                0x02000000                __ewram_overlay_start=.

.ewram0         0x02000000        0x0 load address 0x02007b90
 *(.ewram0)
                0x02000000                .=ALIGN(0x4)
                0x02007b90                __load_start_ewram0=LOADADDR(.ewram0)
                0x02007b90                __load_stop_ewram0=(LOADADDR(.ewram0)+SIZEOF(.ewram0))

.ewram1         0x02000000        0x0 load address 0x02007b90
 *(.ewram1)
                0x02000000                .=ALIGN(0x4)
                0x02007b90                __load_start_ewram1=LOADADDR(.ewram1)
                0x02007b90                __load_stop_ewram1=(LOADADDR(.ewram1)+SIZEOF(.ewram1))

.ewram2         0x02000000        0x0 load address 0x02007b90
 *(.ewram2)
                0x02000000                .=ALIGN(0x4)
                0x02007b90                __load_start_ewram2=LOADADDR(.ewram2)
                0x02007b90                __load_stop_ewram2=(LOADADDR(.ewram2)+SIZEOF(.ewram2))

.ewram3         0x02000000        0x0 load address 0x02007b90
 *(.ewram3)
                0x02000000                .=ALIGN(0x4)
                0x02007b90                __load_start_ewram3=LOADADDR(.ewram3)
                0x02007b90                __load_stop_ewram3=(LOADADDR(.ewram3)+SIZEOF(.ewram3))

.ewram4         0x02000000        0x0 load address 0x02007b90
 *(.ewram4)
                0x02000000                .=ALIGN(0x4)
                0x02007b90                __load_start_ewram4=LOADADDR(.ewram4)
                0x02007b90                __load_stop_ewram4=(LOADADDR(.ewram4)+SIZEOF(.ewram4))

.ewram5         0x02000000        0x0 load address 0x02007b90
 *(.ewram5)
                0x02000000                .=ALIGN(0x4)
                0x02007b90                __load_start_ewram5=LOADADDR(.ewram5)
                0x02007b90                __load_stop_ewram5=(LOADADDR(.ewram5)+SIZEOF(.ewram5))

.ewram6         0x02000000        0x0 load address 0x02007b90
 *(.ewram6)
                0x02000000                .=ALIGN(0x4)
                0x02007b90                __load_start_ewram6=LOADADDR(.ewram6)
                0x02007b90                __load_stop_ewram6=(LOADADDR(.ewram6)+SIZEOF(.ewram6))

.ewram7         0x02000000        0x0 load address 0x02007b90
 *(.ewram7)
                0x02000000                .=ALIGN(0x4)
                0x02007b90                __load_start_ewram7=LOADADDR(.ewram7)
                0x02007b90                __load_stop_ewram7=(LOADADDR(.ewram7)+SIZEOF(.ewram7))

.ewram8         0x02000000        0x0 load address 0x02007b90
 *(.ewram8)
                0x02000000                .=ALIGN(0x4)
                0x02007b90                __load_start_ewram8=LOADADDR(.ewram8)
                0x02007b90                __load_stop_ewram8=(LOADADDR(.ewram8)+SIZEOF(.ewram8))

.ewram9         0x02000000        0x0 load address 0x02007b90
 *(.ewram9)
                0x02000000                .=ALIGN(0x4)
                0x02007b90                __load_start_ewram9=LOADADDR(.ewram9)
                0x02007b90                __load_stop_ewram9=(LOADADDR(.ewram9)+SIZEOF(.ewram9))
                0x02000000                .=(ADDR(.ewram0)+(((((((((SIZEOF(.ewram0)6SIZEOF(.ewram1))6SIZEOF(.ewram2))6SIZEOF(.ewram3))6SIZEOF(.ewram4))6SIZEOF(.ewram5))6SIZEOF(.ewram6))6SIZEOF(.ewram7))6SIZEOF(.ewram8))6SIZEOF(.ewram9)))
                0x02000000                __ewram_overlay_end=.
                0x02000000                __eheap_start=.

.stab
 *(.stab)

.stabstr
 *(.stabstr)

.stab.excl
 *(.stab.excl)

.stab.exclstr
 *(.stab.exclstr)

.stab.index
 *(.stab.index)

.stab.indexstr
 *(.stab.indexstr)

.comment
 *(.comment)

.debug
 *(.debug)

.line
 *(.line)

.debug_srcinfo
 *(.debug_srcinfo)

.debug_sfnames
 *(.debug_sfnames)

.debug_aranges  0x00000000      0x2a0
 *(.debug_aranges)
 .debug_aranges
                0x00000000       0x20 main.o
 .debug_aranges
                0x00000020       0x20 task.o
 .debug_aranges
                0x00000040       0x20 bgsys.o
 .debug_aranges
                0x00000060       0x20 SpriteSys.o
 .debug_aranges
                0x00000080       0x20 MoveBlock.o
 .debug_aranges
                0x000000a0       0x20 mario.o
 .debug_aranges
                0x000000c0       0x20 kuribo.o
 .debug_aranges
                0x000000e0       0x20 /cygdrive/c/devkitadv/bin/../lib/gcc-lib/arm-agb-elf/3.0.2/libgcc.a(__main.o)
 .debug_aranges
                0x00000100       0x20 /cygdrive/c/devkitadv/bin/../lib/gcc-lib/arm-agb-elf/3.0.2/libgcc.a(unwind-dw2-fde.o)
 .debug_aranges
                0x00000120       0x20 /cygdrive/c/devkitadv/bin/../lib/gcc-lib/arm-agb-elf/3.0.2/../../../../arm-agb-elf/lib/libg.a(abort.o)
 .debug_aranges
                0x00000140       0x20 /cygdrive/c/devkitadv/bin/../lib/gcc-lib/arm-agb-elf/3.0.2/../../../../arm-agb-elf/lib/libg.a(atexit.o)
 .debug_aranges
                0x00000160       0x20 /cygdrive/c/devkitadv/bin/../lib/gcc-lib/arm-agb-elf/3.0.2/../../../../arm-agb-elf/lib/libg.a(malloc.o)
 .debug_aranges
                0x00000180       0x20 /cygdrive/c/devkitadv/bin/../lib/gcc-lib/arm-agb-elf/3.0.2/../../../../arm-agb-elf/lib/libg.a(mallocr.o)
 .debug_aranges
                0x000001a0       0x20 /cygdrive/c/devkitadv/bin/../lib/gcc-lib/arm-agb-elf/3.0.2/../../../../arm-agb-elf/lib/libg.a(mlock.o)
 .debug_aranges
                0x000001c0       0x20 /cygdrive/c/devkitadv/bin/../lib/gcc-lib/arm-agb-elf/3.0.2/../../../../arm-agb-elf/lib/libg.a(sbrkr.o)
 .debug_aranges
                0x000001e0       0x20 /cygdrive/c/devkitadv/bin/../lib/gcc-lib/arm-agb-elf/3.0.2/../../../../arm-agb-elf/lib/libg.a(signal.o)
 .debug_aranges
                0x00000200       0x20 /cygdrive/c/devkitadv/bin/../lib/gcc-lib/arm-agb-elf/3.0.2/../../../../arm-agb-elf/lib/libg.a(signalr.o)
 .debug_aranges
                0x00000220       0x20 /cygdrive/c/devkitadv/bin/../lib/gcc-lib/arm-agb-elf/3.0.2/../../../../arm-agb-elf/lib/libg.a(strlen.o)
 .debug_aranges
                0x00000240       0x20 /cygdrive/c/devkitadv/bin/../lib/gcc-lib/arm-agb-elf/3.0.2/../../../../arm-agb-elf/lib/libg.a(syscalls.o)
 .debug_aranges
                0x00000260       0x20 /cygdrive/c/devkitadv/bin/../lib/gcc-lib/arm-agb-elf/3.0.2/../../../../arm-agb-elf/lib/libg.a(errno.o)
 .debug_aranges
                0x00000280       0x20 /cygdrive/c/devkitadv/bin/../lib/gcc-lib/arm-agb-elf/3.0.2/../../../../arm-agb-elf/lib/libg.a(freer.o)

.debug_pubnames
                0x00000000      0x8a7
 *(.debug_pubnames)
 .debug_pubnames
                0x00000000       0xeb main.o
 .debug_pubnames
                0x000000eb       0x68 task.o
 .debug_pubnames
                0x00000153       0x43 bgsys.o
 .debug_pubnames
                0x00000196       0xb2 SpriteSys.o
 .debug_pubnames
                0x00000248       0x68 MoveBlock.o
 .debug_pubnames
                0x000002b0       0x36 mario.o
 .debug_pubnames
                0x000002e6       0x46 kuribo.o
 .debug_pubnames
                0x0000032c       0x34 data/bg.o
 .debug_pubnames
                0x00000360       0x3d data/mario.o
 .debug_pubnames
                0x0000039d       0x4c /cygdrive/c/devkitadv/bin/../lib/gcc-lib/arm-agb-elf/3.0.2/libgcc.a(__main.o)
 .debug_pubnames
                0x000003e9      0x12c /cygdrive/c/devkitadv/bin/../lib/gcc-lib/arm-agb-elf/3.0.2/libgcc.a(unwind-dw2-fde.o)
 .debug_pubnames
                0x00000515       0x1c /cygdrive/c/devkitadv/bin/../lib/gcc-lib/arm-agb-elf/3.0.2/../../../../arm-agb-elf/lib/libg.a(abort.o)
 .debug_pubnames
                0x00000531       0x1d /cygdrive/c/devkitadv/bin/../lib/gcc-lib/arm-agb-elf/3.0.2/../../../../arm-agb-elf/lib/libg.a(atexit.o)
 .debug_pubnames
                0x0000054e       0x22 /cygdrive/c/devkitadv/bin/../lib/gcc-lib/arm-agb-elf/3.0.2/../../../../arm-agb-elf/lib/libg.a(impure.o)
 .debug_pubnames
                0x00000570       0x26 /cygdrive/c/devkitadv/bin/../lib/gcc-lib/arm-agb-elf/3.0.2/../../../../arm-agb-elf/lib/libg.a(malloc.o)
 .debug_pubnames
                0x00000596       0xce /cygdrive/c/devkitadv/bin/../lib/gcc-lib/arm-agb-elf/3.0.2/../../../../arm-agb-elf/lib/libg.a(mallocr.o)
 .debug_pubnames
                0x00000664       0x38 /cygdrive/c/devkitadv/bin/../lib/gcc-lib/arm-agb-elf/3.0.2/../../../../arm-agb-elf/lib/libg.a(mlock.o)
 .debug_pubnames
                0x0000069c       0x28 /cygdrive/c/devkitadv/bin/../lib/gcc-lib/arm-agb-elf/3.0.2/../../../../arm-agb-elf/lib/libg.a(sbrkr.o)
 .debug_pubnames
                0x000006c4       0x86 /cygdrive/c/devkitadv/bin/../lib/gcc-lib/arm-agb-elf/3.0.2/../../../../arm-agb-elf/lib/libg.a(signal.o)
 .debug_pubnames
                0x0000074a       0x2c /cygdrive/c/devkitadv/bin/../lib/gcc-lib/arm-agb-elf/3.0.2/../../../../arm-agb-elf/lib/libg.a(signalr.o)
 .debug_pubnames
                0x00000776       0x1d /cygdrive/c/devkitadv/bin/../lib/gcc-lib/arm-agb-elf/3.0.2/../../../../arm-agb-elf/lib/libg.a(strlen.o)
 .debug_pubnames
                0x00000793       0xc5 /cygdrive/c/devkitadv/bin/../lib/gcc-lib/arm-agb-elf/3.0.2/../../../../arm-agb-elf/lib/libg.a(syscalls.o)
 .debug_pubnames
                0x00000858       0x1e /cygdrive/c/devkitadv/bin/../lib/gcc-lib/arm-agb-elf/3.0.2/../../../../arm-agb-elf/lib/libg.a(errno.o)
 .debug_pubnames
                0x00000876       0x31 /cygdrive/c/devkitadv/bin/../lib/gcc-lib/arm-agb-elf/3.0.2/../../../../arm-agb-elf/lib/libg.a(freer.o)

.debug_info     0x00000000     0xe3e3
 *(.debug_info)
 .debug_info    0x00000000      0x9a8 main.o
 .debug_info    0x000009a8      0x559 task.o
 .debug_info    0x00000f01      0x3c4 bgsys.o
 .debug_info    0x000012c5      0x61c SpriteSys.o
 .debug_info    0x000018e1      0x74c MoveBlock.o
 .debug_info    0x0000202d      0x822 mario.o
 .debug_info    0x0000284f      0x655 kuribo.o
 .debug_info    0x00002ea4      0x11d data/bg.o
 .debug_info    0x00002fc1      0x12b data/mario.o
 .debug_info    0x000030ec       0xde /cygdrive/c/devkitadv/bin/../lib/gcc-lib/arm-agb-elf/3.0.2/libgcc.a(__main.o)
 .debug_info    0x000031ca      0x5ee /cygdrive/c/devkitadv/bin/../lib/gcc-lib/arm-agb-elf/3.0.2/libgcc.a(unwind-dw2-fde.o)
 .debug_info    0x000037b8      0xc1c /cygdrive/c/devkitadv/bin/../lib/gcc-lib/arm-agb-elf/3.0.2/../../../../arm-agb-elf/lib/libg.a(abort.o)
 .debug_info    0x000043d4      0xc01 /cygdrive/c/devkitadv/bin/../lib/gcc-lib/arm-agb-elf/3.0.2/../../../../arm-agb-elf/lib/libg.a(atexit.o)
 .debug_info    0x00004fd5      0xb80 /cygdrive/c/devkitadv/bin/../lib/gcc-lib/arm-agb-elf/3.0.2/../../../../arm-agb-elf/lib/libg.a(impure.o)
 .debug_info    0x00005b55      0xcee /cygdrive/c/devkitadv/bin/../lib/gcc-lib/arm-agb-elf/3.0.2/../../../../arm-agb-elf/lib/libg.a(malloc.o)
 .debug_info    0x00006843     0x1022 /cygdrive/c/devkitadv/bin/../lib/gcc-lib/arm-agb-elf/3.0.2/../../../../arm-agb-elf/lib/libg.a(mallocr.o)
 .debug_info    0x00007865      0xc2f /cygdrive/c/devkitadv/bin/../lib/gcc-lib/arm-agb-elf/3.0.2/../../../../arm-agb-elf/lib/libg.a(mlock.o)
 .debug_info    0x00008494      0xbc8 /cygdrive/c/devkitadv/bin/../lib/gcc-lib/arm-agb-elf/3.0.2/../../../../arm-agb-elf/lib/libg.a(sbrkr.o)
 .debug_info    0x0000905c      0xe47 /cygdrive/c/devkitadv/bin/../lib/gcc-lib/arm-agb-elf/3.0.2/../../../../arm-agb-elf/lib/libg.a(signal.o)
 .debug_info    0x00009ea3      0xc8e /cygdrive/c/devkitadv/bin/../lib/gcc-lib/arm-agb-elf/3.0.2/../../../../arm-agb-elf/lib/libg.a(signalr.o)
 .debug_info    0x0000ab31      0xb70 /cygdrive/c/devkitadv/bin/../lib/gcc-lib/arm-agb-elf/3.0.2/../../../../arm-agb-elf/lib/libg.a(strlen.o)
 .debug_info    0x0000b6a1     0x12c6 /cygdrive/c/devkitadv/bin/../lib/gcc-lib/arm-agb-elf/3.0.2/../../../../arm-agb-elf/lib/libg.a(syscalls.o)
 .debug_info    0x0000c967      0xb82 /cygdrive/c/devkitadv/bin/../lib/gcc-lib/arm-agb-elf/3.0.2/../../../../arm-agb-elf/lib/libg.a(errno.o)
 .debug_info    0x0000d4e9      0xefa /cygdrive/c/devkitadv/bin/../lib/gcc-lib/arm-agb-elf/3.0.2/../../../../arm-agb-elf/lib/libg.a(freer.o)

.debug_abbrev   0x00000000     0x194d
 *(.debug_abbrev)
 .debug_abbrev  0x00000000      0x1a7 main.o
 .debug_abbrev  0x000001a7      0x11f task.o
 .debug_abbrev  0x000002c6      0x10a bgsys.o
 .debug_abbrev  0x000003d0       0xe3 SpriteSys.o
 .debug_abbrev  0x000004b3      0x12d MoveBlock.o
 .debug_abbrev  0x000005e0      0x13a mario.o
 .debug_abbrev  0x0000071a      0x141 kuribo.o
 .debug_abbrev  0x0000085b       0x52 data/bg.o
 .debug_abbrev  0x000008ad       0x63 data/mario.o
 .debug_abbrev  0x00000910       0x25 /cygdrive/c/devkitadv/bin/../lib/gcc-lib/arm-agb-elf/3.0.2/libgcc.a(__main.o)
 .debug_abbrev  0x00000935       0x81 /cygdrive/c/devkitadv/bin/../lib/gcc-lib/arm-agb-elf/3.0.2/libgcc.a(unwind-dw2-fde.o)
 .debug_abbrev  0x000009b6       0xed /cygdrive/c/devkitadv/bin/../lib/gcc-lib/arm-agb-elf/3.0.2/../../../../arm-agb-elf/lib/libg.a(abort.o)
 .debug_abbrev  0x00000aa3      0x129 /cygdrive/c/devkitadv/bin/../lib/gcc-lib/arm-agb-elf/3.0.2/../../../../arm-agb-elf/lib/libg.a(atexit.o)
 .debug_abbrev  0x00000bcc      0x101 /cygdrive/c/devkitadv/bin/../lib/gcc-lib/arm-agb-elf/3.0.2/../../../../arm-agb-elf/lib/libg.a(impure.o)
 .debug_abbrev  0x00000ccd      0x131 /cygdrive/c/devkitadv/bin/../lib/gcc-lib/arm-agb-elf/3.0.2/../../../../arm-agb-elf/lib/libg.a(malloc.o)
 .debug_abbrev  0x00000dfe      0x172 /cygdrive/c/devkitadv/bin/../lib/gcc-lib/arm-agb-elf/3.0.2/../../../../arm-agb-elf/lib/libg.a(mallocr.o)
 .debug_abbrev  0x00000f70       0xfc /cygdrive/c/devkitadv/bin/../lib/gcc-lib/arm-agb-elf/3.0.2/../../../../arm-agb-elf/lib/libg.a(mlock.o)
 .debug_abbrev  0x0000106c      0x13c /cygdrive/c/devkitadv/bin/../lib/gcc-lib/arm-agb-elf/3.0.2/../../../../arm-agb-elf/lib/libg.a(sbrkr.o)
 .debug_abbrev  0x000011a8      0x155 /cygdrive/c/devkitadv/bin/../lib/gcc-lib/arm-agb-elf/3.0.2/../../../../arm-agb-elf/lib/libg.a(signal.o)
 .debug_abbrev  0x000012fd      0x14c /cygdrive/c/devkitadv/bin/../lib/gcc-lib/arm-agb-elf/3.0.2/../../../../arm-agb-elf/lib/libg.a(signalr.o)
 .debug_abbrev  0x00001449      0x10f /cygdrive/c/devkitadv/bin/../lib/gcc-lib/arm-agb-elf/3.0.2/../../../../arm-agb-elf/lib/libg.a(strlen.o)
 .debug_abbrev  0x00001558      0x178 /cygdrive/c/devkitadv/bin/../lib/gcc-lib/arm-agb-elf/3.0.2/../../../../arm-agb-elf/lib/libg.a(syscalls.o)
 .debug_abbrev  0x000016d0      0x109 /cygdrive/c/devkitadv/bin/../lib/gcc-lib/arm-agb-elf/3.0.2/../../../../arm-agb-elf/lib/libg.a(errno.o)
 .debug_abbrev  0x000017d9      0x174 /cygdrive/c/devkitadv/bin/../lib/gcc-lib/arm-agb-elf/3.0.2/../../../../arm-agb-elf/lib/libg.a(freer.o)

.debug_line     0x00000000     0x3e9b
 *(.debug_line)
 .debug_line    0x00000000      0x5e7 main.o
 .debug_line    0x000005e7      0x269 task.o
 .debug_line    0x00000850      0x533 bgsys.o
 .debug_line    0x00000d83      0x320 SpriteSys.o
 .debug_line    0x000010a3      0x385 MoveBlock.o
 .debug_line    0x00001428      0x75f mario.o
 .debug_line    0x00001b87      0x2a9 kuribo.o
 .debug_line    0x00001e30       0x31 data/bg.o
 .debug_line    0x00001e61       0x34 data/mario.o
 .debug_line    0x00001e95       0x45 /cygdrive/c/devkitadv/bin/../lib/gcc-lib/arm-agb-elf/3.0.2/libgcc.a(__main.o)
 .debug_line    0x00001eda       0x80 /cygdrive/c/devkitadv/bin/../lib/gcc-lib/arm-agb-elf/3.0.2/libgcc.a(unwind-dw2-fde.o)
 .debug_line    0x00001f5a      0x156 /cygdrive/c/devkitadv/bin/../lib/gcc-lib/arm-agb-elf/3.0.2/../../../../arm-agb-elf/lib/libg.a(abort.o)
 .debug_line    0x000020b0      0x193 /cygdrive/c/devkitadv/bin/../lib/gcc-lib/arm-agb-elf/3.0.2/../../../../arm-agb-elf/lib/libg.a(atexit.o)
 .debug_line    0x00002243      0x116 /cygdrive/c/devkitadv/bin/../lib/gcc-lib/arm-agb-elf/3.0.2/../../../../arm-agb-elf/lib/libg.a(impure.o)
 .debug_line    0x00002359      0x16f /cygdrive/c/devkitadv/bin/../lib/gcc-lib/arm-agb-elf/3.0.2/../../../../arm-agb-elf/lib/libg.a(malloc.o)
 .debug_line    0x000024c8      0x7d0 /cygdrive/c/devkitadv/bin/../lib/gcc-lib/arm-agb-elf/3.0.2/../../../../arm-agb-elf/lib/libg.a(mallocr.o)
 .debug_line    0x00002c98      0x132 /cygdrive/c/devkitadv/bin/../lib/gcc-lib/arm-agb-elf/3.0.2/../../../../arm-agb-elf/lib/libg.a(mlock.o)
 .debug_line    0x00002dca      0x15d /cygdrive/c/devkitadv/bin/../lib/gcc-lib/arm-agb-elf/3.0.2/../../../../arm-agb-elf/lib/libg.a(sbrkr.o)
 .debug_line    0x00002f27      0x40b /cygdrive/c/devkitadv/bin/../lib/gcc-lib/arm-agb-elf/3.0.2/../../../../arm-agb-elf/lib/libg.a(signal.o)
 .debug_line    0x00003332      0x19b /cygdrive/c/devkitadv/bin/../lib/gcc-lib/arm-agb-elf/3.0.2/../../../../arm-agb-elf/lib/libg.a(signalr.o)
 .debug_line    0x000034cd      0x159 /cygdrive/c/devkitadv/bin/../lib/gcc-lib/arm-agb-elf/3.0.2/../../../../arm-agb-elf/lib/libg.a(strlen.o)
 .debug_line    0x00003626      0x309 /cygdrive/c/devkitadv/bin/../lib/gcc-lib/arm-agb-elf/3.0.2/../../../../arm-agb-elf/lib/libg.a(syscalls.o)
 .debug_line    0x0000392f      0x135 /cygdrive/c/devkitadv/bin/../lib/gcc-lib/arm-agb-elf/3.0.2/../../../../arm-agb-elf/lib/libg.a(errno.o)
 .debug_line    0x00003a64      0x437 /cygdrive/c/devkitadv/bin/../lib/gcc-lib/arm-agb-elf/3.0.2/../../../../arm-agb-elf/lib/libg.a(freer.o)

.debug_frame    0x00000000      0xf6c
 *(.debug_frame)
 .debug_frame   0x00000000       0xbc main.o
 .debug_frame   0x000000bc       0xac task.o
 .debug_frame   0x00000168       0x70 bgsys.o
 .debug_frame   0x000001d8       0xbc SpriteSys.o
 .debug_frame   0x00000294       0xcc MoveBlock.o
 .debug_frame   0x00000360       0x58 mario.o
 .debug_frame   0x000003b8       0x7c kuribo.o
 .debug_frame   0x00000434       0x10 data/bg.o
 .debug_frame   0x00000444       0x10 data/mario.o
 .debug_frame   0x00000454       0x6c /cygdrive/c/devkitadv/bin/../lib/gcc-lib/arm-agb-elf/3.0.2/libgcc.a(__main.o)
 .debug_frame   0x000004c0      0x530 /cygdrive/c/devkitadv/bin/../lib/gcc-lib/arm-agb-elf/3.0.2/libgcc.a(unwind-dw2-fde.o)
 .debug_frame   0x000009f0       0x34 /cygdrive/c/devkitadv/bin/../lib/gcc-lib/arm-agb-elf/3.0.2/../../../../arm-agb-elf/lib/libg.a(abort.o)
 .debug_frame   0x00000a24       0x34 /cygdrive/c/devkitadv/bin/../lib/gcc-lib/arm-agb-elf/3.0.2/../../../../arm-agb-elf/lib/libg.a(atexit.o)
 .debug_frame   0x00000a58       0x10 /cygdrive/c/devkitadv/bin/../lib/gcc-lib/arm-agb-elf/3.0.2/../../../../arm-agb-elf/lib/libg.a(impure.o)
 .debug_frame   0x00000a68       0x40 /cygdrive/c/devkitadv/bin/../lib/gcc-lib/arm-agb-elf/3.0.2/../../../../arm-agb-elf/lib/libg.a(malloc.o)
 .debug_frame   0x00000aa8       0x68 /cygdrive/c/devkitadv/bin/../lib/gcc-lib/arm-agb-elf/3.0.2/../../../../arm-agb-elf/lib/libg.a(mallocr.o)
 .debug_frame   0x00000b10       0x30 /cygdrive/c/devkitadv/bin/../lib/gcc-lib/arm-agb-elf/3.0.2/../../../../arm-agb-elf/lib/libg.a(mlock.o)
 .debug_frame   0x00000b40       0x34 /cygdrive/c/devkitadv/bin/../lib/gcc-lib/arm-agb-elf/3.0.2/../../../../arm-agb-elf/lib/libg.a(sbrkr.o)
 .debug_frame   0x00000b74      0x100 /cygdrive/c/devkitadv/bin/../lib/gcc-lib/arm-agb-elf/3.0.2/../../../../arm-agb-elf/lib/libg.a(signal.o)
 .debug_frame   0x00000c74       0x4c /cygdrive/c/devkitadv/bin/../lib/gcc-lib/arm-agb-elf/3.0.2/../../../../arm-agb-elf/lib/libg.a(signalr.o)
 .debug_frame   0x00000cc0       0x28 /cygdrive/c/devkitadv/bin/../lib/gcc-lib/arm-agb-elf/3.0.2/../../../../arm-agb-elf/lib/libg.a(strlen.o)
 .debug_frame   0x00000ce8      0x200 /cygdrive/c/devkitadv/bin/../lib/gcc-lib/arm-agb-elf/3.0.2/../../../../arm-agb-elf/lib/libg.a(syscalls.o)
 .debug_frame   0x00000ee8       0x20 /cygdrive/c/devkitadv/bin/../lib/gcc-lib/arm-agb-elf/3.0.2/../../../../arm-agb-elf/lib/libg.a(errno.o)
 .debug_frame   0x00000f08       0x64 /cygdrive/c/devkitadv/bin/../lib/gcc-lib/arm-agb-elf/3.0.2/../../../../arm-agb-elf/lib/libg.a(freer.o)

.debug_str
 *(.debug_str)

.debug_loc
 *(.debug_loc)

.debug_macinfo
 *(.debug_macinfo)

.debug_weaknames
 *(.debug_weaknames)

.debug_funcnames
 *(.debug_funcnames)

.debug_typenames
 *(.debug_typenames)

.debug_varnames
 *(.debug_varnames)

.stack          0x00080000        0x0
                0x00080000                _stack=.
 *(.stack)
OUTPUT(SpriteTest.elf elf32-littlearm)
